// Jest Snapshot v1, https://goo.gl/fbAQLP

exports[`FlipCardBack component renders the FlipCardBack component 1`] = `
<DocumentFragment>
  <div
    class="flex h-full flex-col gap-6 p-10 bg-blue-dark rounded-24 tablet:rounded-32 desktop:rounded-40 w-full bg-cover bg-center"
    data-testid="simple-card-test-id"
  >
    <p
      class="text-lg font-bold leading-5 text-teal-medium tablet:text-2xl tablet:leading-6 desktop:text-28 desktop:leading-7"
      data-testid="flip-card-back-header-test-id"
    >
      Test Header
    </p>
    <ul
      class="list-disc pl-5 text-sm font-normal text-white tablet:text-base tablet:leading-6 desktop:text-lg desktop:leading-5"
      data-testid="flip-card-back-list-test-id"
    >
      <li
        class="my-2"
        data-testid="flip-card-back-list-item-test-id"
      >
        Item 1
      </li>
      <li
        class="my-2"
        data-testid="flip-card-back-list-item-test-id"
      >
        Item 2
      </li>
      <li
        class="my-2"
        data-testid="flip-card-back-list-item-test-id"
      >
        Item 3
      </li>
    </ul>
  </div>
</DocumentFragment>
`;

exports[`FlipCardBack component renders the correct number of list items 1`] = `
<DocumentFragment>
  <div
    class="flex h-full flex-col gap-6 p-10 bg-blue-dark rounded-24 tablet:rounded-32 desktop:rounded-40 w-full bg-cover bg-center"
    data-testid="simple-card-test-id"
  >
    <p
      class="text-lg font-bold leading-5 text-teal-medium tablet:text-2xl tablet:leading-6 desktop:text-28 desktop:leading-7"
      data-testid="flip-card-back-header-test-id"
    >
      Test Header
    </p>
    <ul
      class="list-disc pl-5 text-sm font-normal text-white tablet:text-base tablet:leading-6 desktop:text-lg desktop:leading-5"
      data-testid="flip-card-back-list-test-id"
    >
      <li
        class="my-2"
        data-testid="flip-card-back-list-item-test-id"
      >
        Item 1
      </li>
      <li
        class="my-2"
        data-testid="flip-card-back-list-item-test-id"
      >
        Item 2
      </li>
      <li
        class="my-2"
        data-testid="flip-card-back-list-item-test-id"
      >
        Item 3
      </li>
    </ul>
  </div>
</DocumentFragment>
`;

exports[`FlipCardBack component renders the header correctly 1`] = `
<DocumentFragment>
  <div
    class="flex h-full flex-col gap-6 p-10 bg-blue-dark rounded-24 tablet:rounded-32 desktop:rounded-40 w-full bg-cover bg-center"
    data-testid="simple-card-test-id"
  >
    <p
      class="text-lg font-bold leading-5 text-teal-medium tablet:text-2xl tablet:leading-6 desktop:text-28 desktop:leading-7"
      data-testid="flip-card-back-header-test-id"
    >
      Test Header
    </p>
    <ul
      class="list-disc pl-5 text-sm font-normal text-white tablet:text-base tablet:leading-6 desktop:text-lg desktop:leading-5"
      data-testid="flip-card-back-list-test-id"
    >
      <li
        class="my-2"
        data-testid="flip-card-back-list-item-test-id"
      >
        Item 1
      </li>
      <li
        class="my-2"
        data-testid="flip-card-back-list-item-test-id"
      >
        Item 2
      </li>
      <li
        class="my-2"
        data-testid="flip-card-back-list-item-test-id"
      >
        Item 3
      </li>
    </ul>
  </div>
</DocumentFragment>
`;

exports[`FlipCardBack component renders the list correctly 1`] = `
<DocumentFragment>
  <div
    class="flex h-full flex-col gap-6 p-10 bg-blue-dark rounded-24 tablet:rounded-32 desktop:rounded-40 w-full bg-cover bg-center"
    data-testid="simple-card-test-id"
  >
    <p
      class="text-lg font-bold leading-5 text-teal-medium tablet:text-2xl tablet:leading-6 desktop:text-28 desktop:leading-7"
      data-testid="flip-card-back-header-test-id"
    >
      Test Header
    </p>
    <ul
      class="list-disc pl-5 text-sm font-normal text-white tablet:text-base tablet:leading-6 desktop:text-lg desktop:leading-5"
      data-testid="flip-card-back-list-test-id"
    >
      <li
        class="my-2"
        data-testid="flip-card-back-list-item-test-id"
      >
        Item 1
      </li>
      <li
        class="my-2"
        data-testid="flip-card-back-list-item-test-id"
      >
        Item 2
      </li>
      <li
        class="my-2"
        data-testid="flip-card-back-list-item-test-id"
      >
        Item 3
      </li>
    </ul>
  </div>
</DocumentFragment>
`;
